== Input ====================
outcomes {
  test_run {
    test_vector {
      input {
        type: DATAPLANE
        packet {
          port: "16"
          parsed {
            headers {
              ethernet_header {
                ethernet_destination: "fd:ff:fe:ff:ff:ff"
                ethernet_source: "02:00:01:00:00:00"
                ethertype: "0x86dd"
              }
            }
            headers {
              ipv6_header {
                version: "0x6"
                dscp: "0x00"
                ecn: "0x0"
                flow_label: "0x00000"
                payload_length: "0x01d7"
                next_header: "0x11"
                hop_limit: "0x40"
                ipv6_source: "2000::"
                ipv6_destination: "2002:af4:ea7e:19::2"
              }
            }
            headers {
              udp_header {
                source_port: "0x0000"
                destination_port: "0x0222"
                length: "0x01d7"
                checksum: "0xbb29"
              }
            }
            payload: "test packet #1: dummy"
          }
          hex: "74657374207061636b65742023313a2064756d6d79"
        }
      }
      acceptable_outputs {
        packet_trace {
          events {
            table_apply {
              table_name: "table_1"
              miss {
              }
            }
          }
          events {
            table_apply {
              table_name: "table_2"
              hit {
                table_entry {
                  table_name: "action_1"
                  matches {
                    name: "field_1"
                    optional {
                      value {
                        hex_str: "0x1"
                      }
                    }
                  }
                }
              }
            }
          }
        }
      }
    }
    actual_output {
    }
  }
  test_result {
  }
}
outcomes {
  test_run {
    test_vector {
      input {
        type: SUBMIT_TO_INGRESS
        packet {
          port: "20"
          parsed {
            headers {
              ethernet_header {
                ethernet_destination: "aa:aa:aa:aa:aa:aa"
                ethernet_source: "02:00:01:00:00:00"
                ethertype: "0x8833"
              }
            }
            payload: "test packet #2: dummy"
          }
          hex: "74657374207061636b65742023323a2064756d6d79"
        }
      }
      acceptable_outputs {
      }
    }
    actual_output {
      packets {
      }
    }
  }
  test_result {
    failure {
    }
  }
}
== Output ====================
test vector id,functional cluster,table_1,table_2,table_3,acceptable outcomes,actual outcome,test pass,input_type,input_port,input_eth_src,input_eth_dst,input_eth_ethertype,input_vlan_id,input_vlan_ethertype,input_ip_src,input_ip_dst,input_ip_ttl,input_ip_dscp,input_ip_protocol,input_packet
1,0,miss,hit,not applied,drop,drop,pass,DATAPLANE,16,02:00:01:00:00:00,fd:ff:fe:ff:ff:ff,0x86dd,-,-,2000::,2002:af4:ea7e:19::2,0x40,0x00,0x11,port: "16" parsed { headers { ethernet_header { ethernet_destination: "fd:ff:fe:ff:ff:ff" ethernet_source: "02:00:01:00:00:00" ethertype: "0x86dd" } } headers { ipv6_header { version: "0x6" dscp: "0x00" ecn: "0x0" flow_label: "0x00000" payload_length: "0x01d7" next_header: "0x11" hop_limit: "0x40" ipv6_source: "2000::" ipv6_destination: "2002:af4:ea7e:19::2" } } headers { udp_header { source_port: "0x0000" destination_port: "0x0222" length: "0x01d7" checksum: "0xbb29" } } payload: "test packet #1: dummy" } hex: "74657374207061636b65742023313a2064756d6d79"
2,1,unknown,unknown,unknown,drop,forward,fail,SUBMIT_TO_INGRESS,20,02:00:01:00:00:00,aa:aa:aa:aa:aa:aa,0x8833,-,-,-,-,-,-,-,port: "20" parsed { headers { ethernet_header { ethernet_destination: "aa:aa:aa:aa:aa:aa" ethernet_source: "02:00:01:00:00:00" ethertype: "0x8833" } } payload: "test packet #2: dummy" } hex: "74657374207061636b65742023323a2064756d6d79"
