Golden file test for utils used for reachability analysis.
Note, std::cout doesn't work nicely with hex values: certain hex values are converted, via obsecure means, to control characters and become invisible in the golde file.

=========================================================================
CreateReferenceRelationsTest
=========================================================================
-- INPUT -----------------------------------------------------------------------
-- IrP4Info's references --
table: "exact_table"
match_field: "normal"
table_id: 33554434
match_field_id: 1
table: "two_match_fields_table"
match_field: "id_1"
table_id: 34805412
match_field_id: 1
table: "two_match_fields_table"
match_field: "id_2"
table_id: 34805412
match_field_id: 2
table: "one_match_field_table"
match_field: "id"
table_id: 46253494
match_field_id: 1
table: "referring_by_match_field_table"
match_field: "referring_id_1"
table_id: 49592401
match_field_id: 1
table: "exact_table"
match_field: "mac"
table_id: 33554434
match_field_id: 4

-- OUTPUT ----------------------------------------------------------------------
-- ReferenceRelations --
ReferenceRelationKey{referred_table_id: 33554434}, ReferenceRelation{match_field_ids: [1, 4]}
ReferenceRelationKey{referred_table_id: 34805412}, ReferenceRelation{match_field_ids: [1, 2]}
ReferenceRelationKey{referred_table_id: 46253494}, ReferenceRelation{match_field_ids: [1]}
ReferenceRelationKey{referred_table_id: 49592401}, ReferenceRelation{match_field_ids: [1]}

=========================================================================
EntriesReferredToByTableEntryTest: Referring to an entry with 2 match fields
=========================================================================
-- INPUT -----------------------------------------------------------------------
-- PD table entry --
referring_by_match_field_table_entry {
  match {
    referring_id_1: "key-x"
    referring_id_2: "0x034"
  }
  action {
    do_thing_4 {
    }
  }
}

-- OUTPUT ----------------------------------------------------------------------
-- ReferredTableEntries --
ReferredTableEntry{table_id: 34805412, match_fields and values: [ReferredField{match_field_id: 1,field_value: key-x}, ReferredField{match_field_id: 2,field_value: 4}]}

=========================================================================
EntriesReferredToByTableEntryTest: Referring to an entry with 1 action param
=========================================================================
-- INPUT -----------------------------------------------------------------------
-- PD table entry --
referring_by_action_table_entry {
  match {
    val: "0x012"
  }
  action {
    referring_to_one_match_field_action {
      referring_id_1: "key-a"
    }
  }
}

-- OUTPUT ----------------------------------------------------------------------
-- ReferredTableEntries --
ReferredTableEntry{table_id: 46253494, match_fields and values: [ReferredField{match_field_id: 1,field_value: key-a}]}

=========================================================================
EntriesReferredToByTableEntryTest: Referring to an entry with 2 action params
=========================================================================
-- INPUT -----------------------------------------------------------------------
-- PD table entry --
referring_by_action_table_entry {
  match {
    val: "0x012"
  }
  action {
    referring_to_two_match_fields_action {
      referring_id_1: "key-xy"
      referring_id_2: "0x033"
    }
  }
}

-- OUTPUT ----------------------------------------------------------------------
-- ReferredTableEntries --
ReferredTableEntry{table_id: 34805412, match_fields and values: [ReferredField{match_field_id: 1,field_value: key-xy}, ReferredField{match_field_id: 2,field_value: 3}]}

=========================================================================
EntriesReferredToByTableEntryTest: Entry that doesn't refer to other entry will not generate ReferredTableEntry
=========================================================================
-- INPUT -----------------------------------------------------------------------
-- PD table entry --
two_match_fields_table_entry {
  match {
    id_1: "key-b"
    id_2: "0x024"
  }
  action {
    do_thing_4 {
    }
  }
}

-- OUTPUT ----------------------------------------------------------------------
-- ReferredTableEntries --
<empty>

=========================================================================
CreateReferrableTableEntryTest: Non-referred-to table entry will not generate ReferredTableEntry
=========================================================================
-- INPUT -----------------------------------------------------------------------
-- PD table entry --
referring_by_action_table_entry {
  match {
    val: "0x001"
  }
  action {
    referring_to_two_match_fields_action {
      referring_id_1: "key-a"
      referring_id_2: "0x000"
    }
  }
}
-- OUTPUT ----------------------------------------------------------------------
-- ReferredTableEntry or failure status --
NOT_FOUND: Key not found;  while trying to look up ReferenceRelation with key ReferenceRelationKey{referred_table_id: 48112979}
=========================================================================
CreateReferrableTableEntryTest: Referred-to table entry will generate ReferredTableEntry
=========================================================================
-- INPUT -----------------------------------------------------------------------
-- PD table entry --
two_match_fields_table_entry {
  match {
    id_1: "key-b"
    id_2: "0x034"
  }
  action {
    do_thing_4 {
    }
  }
}
-- OUTPUT ----------------------------------------------------------------------
-- ReferredTableEntry or failure status --
ReferredTableEntry{table_id: 34805412, match_fields and values: [ReferredField{match_field_id: 1,field_value: key-b}, ReferredField{match_field_id: 2,field_value: 4}]}
