================================================================================
1,2,some_port -> a_port
Available ports: a_port
================================================================================
-- ORIGINAL ENTRY --------------------------------------------------------------
table_name: "router_interface_table"
matches {
  name: "router_interface_id"
  exact {
    str: "router-interface-1"
  }
}
action {
  name: "set_port_and_src_mac"
  params {
    name: "port"
    value {
      str: "1"
    }
  }
  params {
    name: "src_mac"
    value {
      mac: "00:02:03:04:05:06"
    }
  }
}
-- MODIFICATIONS ---------------------------------------------------------------
modified: action.params[0].value.str: "1" -> "a_port"

-- ORIGINAL ENTRY --------------------------------------------------------------
table_name: "wcmp_group_table"
matches {
  name: "wcmp_group_id"
  exact {
    str: "group-4294934545"
  }
}
action_set {
  actions {
    action {
      name: "set_nexthop_id"
      params {
        name: "nexthop_id"
        value {
          str: "nexthop-1"
        }
      }
    }
    weight: 1
    watch_port: "2"
  }
  actions {
    action {
      name: "set_nexthop_id"
      params {
        name: "nexthop_id"
        value {
          str: "nexthop-2"
        }
      }
    }
    weight: 1
    watch_port: "some_port"
  }
}
-- MODIFICATIONS ---------------------------------------------------------------
modified: action_set.actions[0].watch_port: "2" -> "a_port"
modified: action_set.actions[1].watch_port: "some_port" -> "a_port"

================================================================================
1 -> Exactly one of {2,3}
Available ports: 2,3
================================================================================
-- ORIGINAL ENTRY --------------------------------------------------------------
table_name: "router_interface_table"
matches {
  name: "router_interface_id"
  exact {
    str: "router-interface-1"
  }
}
action {
  name: "set_port_and_src_mac"
  params {
    name: "port"
    value {
      str: "1"
    }
  }
  params {
    name: "src_mac"
    value {
      mac: "00:02:03:04:05:06"
    }
  }
}
-- MODIFICATIONS ---------------------------------------------------------------
modified: action.params[0].value.str: "1" -> "3"

-- ORIGINAL ENTRY --------------------------------------------------------------
table_name: "wcmp_group_table"
matches {
  name: "wcmp_group_id"
  exact {
    str: "group-4294934545"
  }
}
action_set {
  actions {
    action {
      name: "set_nexthop_id"
      params {
        name: "nexthop_id"
        value {
          str: "nexthop-1"
        }
      }
    }
    weight: 1
    watch_port: "1"
  }
  actions {
    action {
      name: "set_nexthop_id"
      params {
        name: "nexthop_id"
        value {
          str: "nexthop-2"
        }
      }
    }
    weight: 1
    watch_port: "1"
  }
}
-- MODIFICATIONS ---------------------------------------------------------------
modified: action_set.actions[0].watch_port: "1" -> "3"
modified: action_set.actions[1].watch_port: "1" -> "3"

================================================================================
Unchanged due to only existing ports
Available ports: 2,3
================================================================================
-- ORIGINAL ENTRY --------------------------------------------------------------
table_name: "router_interface_table"
matches {
  name: "router_interface_id"
  exact {
    str: "router-interface-1"
  }
}
action {
  name: "set_port_and_src_mac"
  params {
    name: "port"
    value {
      str: "2"
    }
  }
  params {
    name: "src_mac"
    value {
      mac: "00:02:03:04:05:06"
    }
  }
}
-- MODIFICATIONS ---------------------------------------------------------------
NONE

-- ORIGINAL ENTRY --------------------------------------------------------------
table_name: "wcmp_group_table"
matches {
  name: "wcmp_group_id"
  exact {
    str: "group-4294934545"
  }
}
action_set {
  actions {
    action {
      name: "set_nexthop_id"
      params {
        name: "nexthop_id"
        value {
          str: "nexthop-1"
        }
      }
    }
    weight: 1
    watch_port: "2"
  }
  actions {
    action {
      name: "set_nexthop_id"
      params {
        name: "nexthop_id"
        value {
          str: "nexthop-2"
        }
      }
    }
    weight: 1
    watch_port: "3"
  }
}
-- MODIFICATIONS ---------------------------------------------------------------
NONE

================================================================================
All unchanged due to no ports
Available ports: 1
================================================================================
-- ORIGINAL ENTRY --------------------------------------------------------------
table_name: "neighbor_table"
matches {
  name: "router_interface_id"
  exact {
    str: "router-interface-1"
  }
}
matches {
  name: "neighbor_id"
  exact {
    str: "fe80::3e28:6dff:fe34:c002"
  }
}
action {
  name: "set_dst_mac"
  params {
    name: "dst_mac"
    value {
      mac: "3c:28:6d:34:c0:02"
    }
  }
}
-- MODIFICATIONS ---------------------------------------------------------------
NONE

-- ORIGINAL ENTRY --------------------------------------------------------------
table_name: "nexthop_table"
matches {
  name: "nexthop_id"
  exact {
    str: "nexthop-1"
  }
}
action {
  name: "set_ip_nexthop"
  params {
    name: "router_interface_id"
    value {
      str: "router-interface-1"
    }
  }
  params {
    name: "neighbor_id"
    value {
      str: "fe80::3e28:6dff:fe34:c002"
    }
  }
}
-- MODIFICATIONS ---------------------------------------------------------------
NONE

-- ORIGINAL ENTRY --------------------------------------------------------------
table_name: "ipv4_table"
matches {
  name: "vrf_id"
  exact {
    str: "vrf-80"
  }
}
action {
  name: "set_wcmp_group_id"
  params {
    name: "wcmp_group_id"
    value {
      str: "group-4294934531"
    }
  }
}
-- MODIFICATIONS ---------------------------------------------------------------
NONE

-- ORIGINAL ENTRY --------------------------------------------------------------
table_name: "ipv6_table"
matches {
  name: "vrf_id"
  exact {
    str: "vrf-80"
  }
}
action {
  name: "set_wcmp_group_id"
  params {
    name: "wcmp_group_id"
    value {
      str: "group-4294934531"
    }
  }
}
-- MODIFICATIONS ---------------------------------------------------------------
NONE

-- ORIGINAL ENTRY --------------------------------------------------------------
table_name: "vrf_table"
matches {
  name: "vrf_id"
  exact {
    str: "vrf-80"
  }
}
action {
  name: "no_action"
}
-- MODIFICATIONS ---------------------------------------------------------------
NONE

tests/lib/switch_test_setup_helpers_golden_test_runner.cc:87: Failure
Value of: pins_test::RewritePortsInTableEntries( test_case.info, test_case.new_ports_available, entries_to_rewrite)
Expected: is OK
  Actual: NOT_FOUND: Key not found: 'mirror_with_psamp_encapsulation' (of type absl::lts_20230802::Status)
